Circuit: * C:\Users\nicob\OneDrive\Dokumente\Own_Projects\Nerf-ATG-Electronics\Simulations\LTSpice\Draft2.asc

Direct Newton iteration failed to find .op point.  (Use ".option noopiter" to skip.)
Starting Gmin stepping
Gmin = 10
Gmin = 1.07374
Gmin = 0.115292
Gmin = 0.0123794
Gmin = 0.00132923
vernier = 0.5
vernier = 0.25
vernier = 0.125
vernier = 0.0625
Gmin = 0.00100083
vernier = 0.03125
vernier = 0.015625
vernier = 0.0078125
vernier = 0.00390625
vernier = 0.00195313
Gmin = 0.00100083
vernier = 0.000976563
vernier = 0.000488281
Gmin = 0
Gmin stepping failed

Starting source stepping with srcstepmethod=0
Source Step = 3.0303%
Source Step = 33.3333%
Source Step = 63.6364%
Source Step = 65.9801%
Source Step = 66.0156%
Source Step = 66.0452%
Source Step = 66.0748%
Source Step = 66.1044%
Source Step = 66.134%
vernier = 0.00146484
Source Step = 66.1695%
Source Step = 66.2139%
Source Step = 66.2583%
Source Step = 66.3027%
Source Step = 66.3471%
vernier = 0.00219727
Source Step = 66.3981%
Source Step = 66.4647%
Source Step = 66.5313%
Source Step = 66.5979%
Source Step = 66.6644%
vernier = 0.0032959
Source Step = 66.7377%
Source Step = 66.8376%
Source Step = 66.9374%
Source Step = 67.0373%
Source Step = 67.1372%
vernier = 0.00494385
Source Step = 67.2421%
Source Step = 67.3919%
Source Step = 67.5417%
Source Step = 67.6915%
Source Step = 67.8413%
Source Step = 67.9911%
vernier = 0.00741577
Source Step = 68.2158%
Source Step = 68.4406%
Source Step = 68.6653%
Source Step = 68.89%
Source Step = 69.1147%
vernier = 0.0111237
Source Step = 69.4406%
Source Step = 69.7777%
Source Step = 70.1147%
Source Step = 70.4518%
Source Step = 70.7889%
vernier = 0.0166855
Source Step = 71.2608%
Source Step = 71.7664%
Source Step = 72.2721%
Source Step = 72.7777%
Source Step = 73.2833%
vernier = 0.0250282
Source Step = 73.9659%
Source Step = 74.7243%
Source Step = 75.4827%
Source Step = 76.2412%
Source Step = 76.9996%
vernier = 0.0375423
Source Step = 77.9856%
Source Step = 79.1232%
Source Step = 80.2609%
Source Step = 81.3985%
Source Step = 82.5362%
vernier = 0.0563135
Source Step = 83.9582%
Source Step = 85.6647%
Source Step = 87.3712%
Source Step = 89.0776%
Source Step = 90.7841%
Source Step = 91.2534%
vernier = 0.000879899
Source Step = 91.2694%
Source Step = 91.296%
Source Step = 91.3227%
Source Step = 91.3494%
Source Step = 91.376%
Source Step = 91.4027%
Source Step = 91.4294%
Source Step = 91.456%
Source Step = 91.4827%
Source Step = 91.5093%
Source Step = 91.536%
Source Step = 91.5627%
Source Step = 91.5893%
Source Step = 91.616%
Source Step = 91.6427%
Source Step = 91.6693%
Source Step = 91.696%
Source Step = 91.7227%
Source Step = 91.7493%
Source Step = 91.776%
Source Step = 91.8026%
Source Step = 91.8293%
Source Step = 91.856%
Source Step = 91.8826%
vernier = 0.00131985
Source Step = 91.912%
Source Step = 91.952%
Source Step = 91.992%
Source Step = 92.0319%
Source Step = 92.0719%
Source Step = 92.1119%
Source Step = 92.1519%
Source Step = 92.1919%
Source Step = 92.2319%
Source Step = 92.2719%
Source Step = 92.3119%
Source Step = 92.3519%
Source Step = 92.3919%
Source Step = 92.4319%
Source Step = 92.4719%
Source Step = 92.5119%
Source Step = 92.5519%
Source Step = 92.5919%
Source Step = 92.6319%
Source Step = 92.6719%
Source Step = 92.7119%
Source Step = 92.7519%
Source Step = 92.7919%
Source Step = 92.8319%
Source Step = 92.8719%
Source Step = 92.9118%
Source Step = 92.9518%
Source Step = 92.9918%
Source Step = 93.0318%
Source Step = 93.0718%
Source Step = 93.1118%
Source Step = 93.1518%
Source Step = 93.1918%
Source Step = 93.2318%
Source Step = 93.2718%
Source Step = 93.3118%
Source Step = 93.3518%
Source Step = 93.3918%
Source Step = 93.4318%
Source Step = 93.4718%
Source Step = 93.5118%
Source Step = 93.5518%
Source Step = 93.5918%
Source Step = 93.6318%
Source Step = 93.6718%
Source Step = 93.7118%
Source Step = 93.7518%
Source Step = 93.7917%
Source Step = 93.8317%
Source Step = 93.8717%
Source Step = 93.9117%
Source Step = 93.9517%
Source Step = 93.9917%
Source Step = 94.0317%
Source Step = 94.0717%
Source Step = 94.1117%
Source Step = 94.1517%
Source Step = 94.1917%
Source Step = 94.2317%
Source Step = 94.2717%
Source Step = 94.3117%
Source Step = 94.3517%
Source Step = 94.3917%
Source Step = 94.4317%
Source Step = 94.4717%
Source Step = 94.5117%
Source Step = 94.5517%
Source Step = 94.5917%
Source Step = 94.6317%
Source Step = 94.6716%
Source Step = 94.7116%
Source Step = 94.7516%
Source Step = 94.7916%
Source Step = 94.8316%
Source Step = 94.8716%
Source Step = 94.9116%
Source Step = 94.9516%
Source Step = 94.9916%
Source Step = 95.0316%
Source Step = 95.0716%
Source Step = 95.1116%
Source Step = 95.1516%
Source Step = 95.1916%
Source Step = 95.2316%
Source Step = 95.2716%
Source Step = 95.3116%
Source Step = 95.3516%
Source Step = 95.3916%
Source Step = 95.4316%
Source Step = 95.4716%
Source Step = 95.5115%
Source Step = 95.5515%
Source Step = 95.5915%
Source Step = 95.6315%
Source Step = 95.6715%
Source Step = 95.7115%
Source Step = 95.7515%
Source Step = 95.7915%
Source Step = 95.8315%
Source Step = 95.8715%
Source Step = 95.9115%
Source Step = 95.9515%
Source Step = 95.9915%
Source Step = 96.0315%
Source Step = 96.0715%
Source Step = 96.1115%
Source Step = 96.1515%
Source Step = 96.1915%
Source Step = 96.2315%
Source Step = 96.2715%
Source Step = 96.3115%
Source Step = 96.3515%
Source Step = 96.3914%
Source Step = 96.4314%
Source Step = 96.4714%
Source Step = 96.5114%
Source Step = 96.5514%
Source Step = 96.5914%
Source Step = 96.6314%
Source Step = 96.6714%
Source Step = 96.7114%
Source Step = 96.7514%
Source Step = 96.7914%
Source Step = 96.8314%
Source Step = 96.8714%
Source Step = 96.9114%
Source Step = 96.9514%
Source Step = 96.9914%
Source Step = 97.0314%
Source Step = 97.0714%
Source Step = 97.1114%
Source Step = 97.1514%
Source Step = 97.1914%
Source Step = 97.2314%
Source Step = 97.2713%
vernier = 0.00197977
Source Step = 97.3213%
Source Step = 97.3813%
Source Step = 97.4413%
Source Step = 97.5013%
Source Step = 97.5613%
Source Step = 97.6213%
Source Step = 97.6813%
Source Step = 97.7413%
Source Step = 97.8013%
Source Step = 97.8613%
Source Step = 97.9213%
Source Step = 97.9813%
Source Step = 98.0413%
Source Step = 98.1013%
Source Step = 98.1612%
Source Step = 98.2212%
Source Step = 98.2812%
Source Step = 98.3412%
Source Step = 98.4012%
Source Step = 98.4612%
Source Step = 98.5212%
Source Step = 98.5812%
Source Step = 98.6412%
Source Step = 98.7012%
Source Step = 98.7612%
Source Step = 98.8212%
Source Step = 98.8812%
Source Step = 98.9412%
Source Step = 99.0011%
Source Step = 99.0611%
Source Step = 99.1211%
Source Step = 99.1811%
Source Step = 99.2411%
Source Step = 99.3011%
Source Step = 99.3611%
Source Step = 99.4211%
Source Step = 99.4811%
Source Step = 99.5411%
Source Step = 99.6011%
Source Step = 99.6611%
Source Step = 99.7211%
Source Step = 99.7811%
Source Step = 99.8411%
Source Step = 99.901%
Source Step = 99.961%
Source Step = 100%
Source Step = 100%
Source Step = 100%
Source Step = 100%
Source stepping succeeded in finding the operating point.

Semiconductor Device Operating Points:
                        --- Diodes ---
Name:  d:u2:_u1:2  d:u2:_u1:1      d1
Model: u2:_u1:dvn  u2:_u1:dvn   pt-121-b
Id:      1.00e-02    1.00e-02    1.10e+00
Vd:      8.34e-01    8.34e-01    3.23e+00
Req:     2.59e+00    2.59e+00    1.97e-01
CAP:     0.00e+00    0.00e+00    2.61e-08

                        --- VDMOSFET Transistors ---
Name:          m1
Model:      irlml6344
Id:          1.10e+00
Vgs:         1.22e+00
Vds:         1.67e+00
Vth:         9.50e-01
Gm:          7.37e+00
Gds:         0.00e+00
Cgs:         1.50e-10
Cgd:         4.62e-10
Cbody:       6.12e-11



Date: Thu Feb 26 15:03:48 2026
Total elapsed time: 117.239 seconds.

tnom = 27
temp = 27
method = trap
totiter = 3321
traniter = 0
tranpoints = 0
accept = 0
rejected = 0
matrix size = 130
fillins = 162
solver = Normal
Matrix Compiler1: 16.24 KB object code size
Matrix Compiler2: 13.55 KB object code size  1.0/1.3/[0.4]

