Circuit: * C:\Users\nicob\OneDrive\Dokumente\Own_Projects\Nerf-ATG-Electronics\Simulations\LTSpice\IR-Led-Driver_26.02.2026.asc

Direct Newton iteration failed to find .op point.  (Use ".option noopiter" to skip.)
Starting Gmin stepping
Gmin = 10
Gmin = 1.07374
Gmin = 0.115292
Gmin = 0.0123794
Gmin = 0.00132923
vernier = 0.5
vernier = 0.25
Gmin = 0.00040994
vernier = 0.125
vernier = 0.0625
vernier = 0.03125
vernier = 0.015625
vernier = 0.0078125
Gmin = 0.00042719
vernier = 0.0104167
vernier = 0.0138889
Gmin = 0.000416674
vernier = 0.0185185
Gmin = 0.000400166
vernier = 0.0246913
vernier = 0.0329218
Gmin = 0.000374558
vernier = 0.0438957
vernier = 0.0585276
Gmin = 0.000337358
vernier = 0.0780367
Gmin = 0.000284835
vernier = 0.104049
vernier = 0.138732
Gmin = 0.000216205
vernier = 0.184976
vernier = 0.246634
Gmin = 0.000140172
vernier = 0.328846
Gmin = 7.00125e-005
vernier = 0.438461
vernier = 0.584614
Gmin = 2.30197e-005
vernier = 0.779486
vernier = 1
Gmin = 4.20276e-006
Gmin = 4.51268e-007
Gmin = 4.84546e-008
Gmin = 5.20277e-009
Gmin = 5.58643e-010
vernier = 0.5
vernier = 0.25
vernier = 0.125
vernier = 0.0625
vernier = 0.03125
vernier = 0.015625
Gmin = 2.86025e-010
vernier = 0.0078125
vernier = 0.00390625
vernier = 0.00195313
vernier = 0.000976563
vernier = 0.000488281
Gmin = 0
Gmin stepping failed

Starting source stepping with srcstepmethod=0
Source Step = 3.0303%
vernier = 0.25
Source Step = 2.84091%
Source Step = 4.73485%
Source Step = 6.62879%
Source Step = 8.52273%
Source Step = 10.4167%
vernier = 0.09375
Source Step = 12.8788%
Source Step = 15.7197%
Source Step = 18.5606%
Source Step = 21.4015%
Source Step = 24.2424%
vernier = 0.140625
Source Step = 27.7936%
Source Step = 32.0549%
Source Step = 36.3163%
Source Step = 40.5777%
Source Step = 44.839%
vernier = 0.210938
Source Step = 49.9527%
Source Step = 56.3447%
Source Step = 61.6181%
Source Step = 61.8778%
Source Step = 61.9777%
Source Step = 62.0776%
Source Step = 62.1774%
Source Step = 62.2773%
Source Step = 62.3772%
vernier = 0.00494385
Source Step = 62.522%
Source Step = 62.6718%
Source Step = 62.8216%
Source Step = 62.9715%
Source Step = 63.1213%
vernier = 0.00741577
Source Step = 63.331%
Source Step = 63.5557%
Source Step = 63.7804%
Source Step = 64.0052%
Source Step = 64.2299%
vernier = 0.0111237
Source Step = 64.5333%
Source Step = 64.8703%
Source Step = 65.2074%
Source Step = 65.5445%
Source Step = 65.8816%
vernier = 0.0166855
Source Step = 66.3198%
Source Step = 66.8254%
Source Step = 67.331%
Source Step = 67.8366%
Source Step = 68.3423%
vernier = 0.0250282
Source Step = 68.9743%
Source Step = 69.7327%
Source Step = 70.4912%
Source Step = 71.2496%
Source Step = 72.008%
vernier = 0.0375423
Source Step = 72.9181%
Source Step = 74.0558%
Source Step = 75.1934%
Source Step = 76.3311%
Source Step = 77.4687%
vernier = 0.0563135
Source Step = 78.777%
Source Step = 80.4835%
Source Step = 82.19%
Source Step = 83.8964%
vernier = 0.0140784
Source Step = 83.7471%
Source Step = 83.7738%
Source Step = 83.8004%
Source Step = 83.8271%
Source Step = 83.8538%
vernier = 0.00131985
Source Step = 83.8831%
Source Step = 83.9231%
Source Step = 83.9631%
Source Step = 84.0031%
Source Step = 84.0431%
vernier = 0.00197977
Source Step = 84.0851%
Source Step = 84.1451%
Source Step = 84.2051%
Source Step = 84.2651%
Source Step = 84.325%
Source Step = 84.385%
vernier = 0.00296966
Source Step = 84.475%
Source Step = 84.565%
Source Step = 84.655%
Source Step = 84.745%
Source Step = 84.835%
vernier = 0.00445449
Source Step = 84.9655%
Source Step = 85.1005%
Source Step = 85.2354%
Source Step = 85.3704%
Source Step = 85.5054%
vernier = 0.00668173
Source Step = 85.6944%
Source Step = 85.8969%
Source Step = 86.0993%
Source Step = 86.3018%
Source Step = 86.5043%
vernier = 0.0100226
Source Step = 86.7776%
Source Step = 87.0814%
Source Step = 87.3851%
Source Step = 87.6888%
Source Step = 87.9925%
vernier = 0.0150339
Source Step = 88.3873%
Source Step = 88.8429%
Source Step = 89.2985%
Source Step = 89.754%
Source Step = 90.0331%
Starting source stepping with srcstepmethod=1
Source Step = 3.0303%
Source Step = 33.3333%
Source Step = 63.6364%
Source Step = 93.9394%
Source Step = 96.9815%
Source stepping failed

Pseudo Transient succeeded in finding the operating point at 15.2368 s.

Date: Wed Apr 08 09:26:01 2026
Total elapsed time: 1.554 seconds.

tnom = 27
temp = 27
method = trap
totiter = 15347
traniter = 0
tranpoints = 0
accept = 0
rejected = 49
matrix size = 135
fillins = 204
solver = Normal
Matrix Compiler1: 19.13 KB object code size  4.5/1.7/[1.7]
Matrix Compiler2: 14.56 KB object code size  1.3/1.8/[1.0]

