Circuit: * C:\Users\nicob\OneDrive\Dokumente\Own_Projects\Nerf-ATG-Electronics\Simulations\LTSpice\IR-Led-Driver_26.02.2026 - Kopie.asc

Direct Newton iteration failed to find .op point.  (Use ".option noopiter" to skip.)
Starting Gmin stepping
Gmin = 10
Gmin = 1.07374
Gmin = 0.115292
Gmin = 0.0123794
Gmin = 0.00132923
vernier = 0.5
vernier = 0.25
Gmin = 0.000387166
vernier = 0.125
vernier = 0.0625
vernier = 0.03125
Gmin = 0.000372413
vernier = 0.0416667
vernier = 0.0555555
Gmin = 0.000335182
vernier = 0.074074
Gmin = 0.000284123
vernier = 0.0987653
vernier = 0.131687
Gmin = 0.000215615
vernier = 0.175583
vernier = 0.23411
Gmin = 0.000139379
vernier = 0.312147
Gmin = 7.07272e-005
vernier = 0.416196
vernier = 0.208098
vernier = 0.104049
vernier = 0.0520245
vernier = 0.0260122
vernier = 0.0130061
Gmin = 4.76028e-005
vernier = 0.00650306
vernier = 0.00325153
vernier = 0.00162576
vernier = 0.000812882
vernier = 0.000406441
Gmin = 0
Gmin stepping failed

Starting source stepping with srcstepmethod=0
Source Step = 3.0303%
vernier = 0.25
Source Step = 2.27273%
Source Step = 4.16667%
Source Step = 6.06061%
Source Step = 7.95455%
Source Step = 9.84848%
vernier = 0.09375
Source Step = 12.4053%
Source Step = 15.2462%
Source Step = 18.0871%
Source Step = 20.928%
Source Step = 23.7689%
vernier = 0.140625
Source Step = 27.4621%
Source Step = 31.7235%
Source Step = 35.9848%
Source Step = 40.2462%
Source Step = 44.5076%
vernier = 0.210938
Source Step = 49.8343%
Source Step = 56.2263%
Source Step = 62.6184%
Source Step = 69.0104%
Source Step = 75.4025%
vernier = 0.316406
Source Step = 83.0729%
Source Step = 92.661%
Source stepping succeeded in finding the operating point.


Date: Wed Apr 08 09:44:22 2026
Total elapsed time: 1.008 seconds.

tnom = 27
temp = 27
method = modified trap
totiter = 7202
traniter = 3830
tranpoints = 1236
accept = 1188
rejected = 48
matrix size = 135
fillins = 193
solver = Normal
Thread vector: 9.0/6.6[4] 3.7/2.1[4] 5.8/4.4[4] 0.8/1.3[1]  2592/500
Matrix Compiler1: 17.46 KB object code size  5.2/2.7/[1.2]
Matrix Compiler2: 14.48 KB object code size  2.8/4.5/[0.8]

