Circuit: * C:\Users\nicob\OneDrive\Dokumente\Own_Projects\Nerf-ATG-Electronics\Simulations\LTSpice\IR-Led-Constant_Current_old.asc

Limiting rise time of source v2 to 1.3e-006
Limiting fall time of source v2 to 1.3e-006
WARNING: Node NC_02 is floating.

WARNING: Less than two connections to node NC_01.  This node is used by V2.
WARNING: Less than two connections to node NC_02.  This node is used by V2.

Date: Wed Feb 25 20:59:47 2026
Total elapsed time: 0.031 seconds.

tnom = 27
temp = 27
method = trap
totiter = 97
traniter = 0
tranpoints = 0
accept = 0
rejected = 0
matrix size = 25
fillins = 10
solver = Normal
Matrix Compiler1: 2.09 KB object code size  0.3/0.1/[0.1]
Matrix Compiler2: 2.15 KB object code size  0.1/0.2/[0.1]

